// Vitest Snapshot v1, https://vitest.dev/guide/snapshot.html

exports[`CastCard > test snapshot 1`] = `
{
  "asFragment": [Function],
  "baseElement": <body>
    <div>
      <div
        class=" flex flex-col w-full h-full justify-center overflow-hidden bg-slate-700 bg-opacity-25 rounded-lg shadow-md shadow-gray-700"
      >
        <img
          alt="Owen Teague"
          class="w-full h-4/5 object-cover"
          src="https://image.tmdb.org/t/p/h632/tgCkGE0LIggyjMmgSwHhpZAkfJs.jpg"
        />
        <div
          class="w-full mx-auto my-auto py-2 flex flex-col justify-center items-center"
        >
          <h1
            class=" text-center text-sm font-semibold"
          >
            Owen Teague
          </h1>
          <div
            class="text-xs text-wrap text-center"
          >
            Noa
          </div>
        </div>
      </div>
    </div>
  </body>,
  "container": <div>
    <div
      class=" flex flex-col w-full h-full justify-center overflow-hidden bg-slate-700 bg-opacity-25 rounded-lg shadow-md shadow-gray-700"
    >
      <img
        alt="Owen Teague"
        class="w-full h-4/5 object-cover"
        src="https://image.tmdb.org/t/p/h632/tgCkGE0LIggyjMmgSwHhpZAkfJs.jpg"
      />
      <div
        class="w-full mx-auto my-auto py-2 flex flex-col justify-center items-center"
      >
        <h1
          class=" text-center text-sm font-semibold"
        >
          Owen Teague
        </h1>
        <div
          class="text-xs text-wrap text-center"
        >
          Noa
        </div>
      </div>
    </div>
  </div>,
  "debug": [Function],
  "findAllByAltText": [Function],
  "findAllByDisplayValue": [Function],
  "findAllByLabelText": [Function],
  "findAllByPlaceholderText": [Function],
  "findAllByRole": [Function],
  "findAllByTestId": [Function],
  "findAllByText": [Function],
  "findAllByTitle": [Function],
  "findByAltText": [Function],
  "findByDisplayValue": [Function],
  "findByLabelText": [Function],
  "findByPlaceholderText": [Function],
  "findByRole": [Function],
  "findByTestId": [Function],
  "findByText": [Function],
  "findByTitle": [Function],
  "getAllByAltText": [Function],
  "getAllByDisplayValue": [Function],
  "getAllByLabelText": [Function],
  "getAllByPlaceholderText": [Function],
  "getAllByRole": [Function],
  "getAllByTestId": [Function],
  "getAllByText": [Function],
  "getAllByTitle": [Function],
  "getByAltText": [Function],
  "getByDisplayValue": [Function],
  "getByLabelText": [Function],
  "getByPlaceholderText": [Function],
  "getByRole": [Function],
  "getByTestId": [Function],
  "getByText": [Function],
  "getByTitle": [Function],
  "queryAllByAltText": [Function],
  "queryAllByDisplayValue": [Function],
  "queryAllByLabelText": [Function],
  "queryAllByPlaceholderText": [Function],
  "queryAllByRole": [Function],
  "queryAllByTestId": [Function],
  "queryAllByText": [Function],
  "queryAllByTitle": [Function],
  "queryByAltText": [Function],
  "queryByDisplayValue": [Function],
  "queryByLabelText": [Function],
  "queryByPlaceholderText": [Function],
  "queryByRole": [Function],
  "queryByTestId": [Function],
  "queryByText": [Function],
  "queryByTitle": [Function],
  "rerender": [Function],
  "store": {
    "@@observable": [Function],
    "dispatch": [Function],
    "getState": [Function],
    "replaceReducer": [Function],
    "subscribe": [Function],
  },
  "unmount": [Function],
}
`;
