// Vitest Snapshot v1, https://vitest.dev/guide/snapshot.html

exports[`renders VideoCard with data 1`] = `
<div>
  <div
    class="w-full aspect-video ring-2 rounded-md shadow-sm shadow-stone-400 flex justify-center items-center cursor-pointer"
    data-testid="video-card"
    style="background-image: url(https://i.ytimg.com/vi/OLSWVCwy88g/hqdefault.jpg); background-size: cover; background-position: center; background-repeat: no-repeat;"
  >
    <div
      class="rounded-full bg-slate-800 bg-opacity-30"
    >
      <svg
        class="lucide lucide-circle-play text-3xl m-2"
        data-testid="play-icon"
        fill="none"
        height="24"
        stroke="currentColor"
        stroke-linecap="round"
        stroke-linejoin="round"
        stroke-width="2"
        viewBox="0 0 24 24"
        width="24"
        xmlns="http://www.w3.org/2000/svg"
      >
        <circle
          cx="12"
          cy="12"
          r="10"
        />
        <polygon
          points="10 8 16 12 10 16 10 8"
        />
      </svg>
    </div>
  </div>
</div>
`;
